../Src/009I2C_Arduino_Receive.c:28:6:delay	24	static
../Src/009I2C_Arduino_Receive.c:32:6:I2C1_GPIOInits	16	static
../Src/009I2C_Arduino_Receive.c:53:6:I2C1_Init	16	static
../Src/009I2C_Arduino_Receive.c:63:6:USRBTN_Init	16	static
../Src/009I2C_Arduino_Receive.c:75:6:sendCommand	24	static
../Src/009I2C_Arduino_Receive.c:79:9:getLength	24	static
../Src/009I2C_Arduino_Receive.c:89:10:getData	32	static
../Src/009I2C_Arduino_Receive.c:99:6:readFromArduino	16	static
../Src/009I2C_Arduino_Receive.c:113:5:main	48	static
../Src/009I2C_Arduino_Receive.c:130:6:EXTI0_IRQHandler	8	static
