../Src/010i2c_master_rx_testing_it.c:28:6:delay	24	static
../Src/010i2c_master_rx_testing_it.c:32:6:I2C1_GPIOInits	16	static
../Src/010i2c_master_rx_testing_it.c:53:6:I2C1_Init	16	static
../Src/010i2c_master_rx_testing_it.c:63:6:USRBTN_Init	16	static
../Src/010i2c_master_rx_testing_it.c:75:6:sendCommand	24	static
../Src/010i2c_master_rx_testing_it.c:80:9:getLength	24	static
../Src/010i2c_master_rx_testing_it.c:91:10:getData	32	static
../Src/010i2c_master_rx_testing_it.c:101:6:readFromArduino	16	static
../Src/010i2c_master_rx_testing_it.c:115:5:main	48	static
../Src/010i2c_master_rx_testing_it.c:136:6:EXTI0_IRQHandler	8	static
../Src/010i2c_master_rx_testing_it.c:142:6:I2C1_ER_IRQHandler	8	static
../Src/010i2c_master_rx_testing_it.c:146:6:I2C1_EV_IRQHandler	8	static
../Src/010i2c_master_rx_testing_it.c:150:6:I2C_ApplicationEventCallback	16	static
