Archive member included to satisfy reference by file (symbol)

/home/linkachu/st/stm32cubeide_1.10.1/plugins/com.st.stm32cube.ide.mcu.externaltools.gnu-tools-for-stm32.10.3-2021.10.linux64_1.0.0.202111181127/tools/bin/../lib/gcc/arm-none-eabi/10.3.1/../../../../arm-none-eabi/lib/thumb/v7e-m+fp/hard/libc_nano.a(lib_a-exit.o)
                              /home/linkachu/st/stm32cubeide_1.10.1/plugins/com.st.stm32cube.ide.mcu.externaltools.gnu-tools-for-stm32.10.3-2021.10.linux64_1.0.0.202111181127/tools/bin/../lib/gcc/arm-none-eabi/10.3.1/../../../../arm-none-eabi/lib/thumb/v7e-m+fp/hard/rdimon-crt0.o (exit)
/home/linkachu/st/stm32cubeide_1.10.1/plugins/com.st.stm32cube.ide.mcu.externaltools.gnu-tools-for-stm32.10.3-2021.10.linux64_1.0.0.202111181127/tools/bin/../lib/gcc/arm-none-eabi/10.3.1/../../../../arm-none-eabi/lib/thumb/v7e-m+fp/hard/libc_nano.a(lib_a-impure.o)
                              /home/linkachu/st/stm32cubeide_1.10.1/plugins/com.st.stm32cube.ide.mcu.externaltools.gnu-tools-for-stm32.10.3-2021.10.linux64_1.0.0.202111181127/tools/bin/../lib/gcc/arm-none-eabi/10.3.1/../../../../arm-none-eabi/lib/thumb/v7e-m+fp/hard/libc_nano.a(lib_a-exit.o) (_global_impure_ptr)
/home/linkachu/st/stm32cubeide_1.10.1/plugins/com.st.stm32cube.ide.mcu.externaltools.gnu-tools-for-stm32.10.3-2021.10.linux64_1.0.0.202111181127/tools/bin/../lib/gcc/arm-none-eabi/10.3.1/../../../../arm-none-eabi/lib/thumb/v7e-m+fp/hard/libc_nano.a(lib_a-init.o)
                              /home/linkachu/st/stm32cubeide_1.10.1/plugins/com.st.stm32cube.ide.mcu.externaltools.gnu-tools-for-stm32.10.3-2021.10.linux64_1.0.0.202111181127/tools/bin/../lib/gcc/arm-none-eabi/10.3.1/../../../../arm-none-eabi/lib/thumb/v7e-m+fp/hard/rdimon-crt0.o (__libc_init_array)
/home/linkachu/st/stm32cubeide_1.10.1/plugins/com.st.stm32cube.ide.mcu.externaltools.gnu-tools-for-stm32.10.3-2021.10.linux64_1.0.0.202111181127/tools/bin/../lib/gcc/arm-none-eabi/10.3.1/../../../../arm-none-eabi/lib/thumb/v7e-m+fp/hard/libc_nano.a(lib_a-memset.o)
                              /home/linkachu/st/stm32cubeide_1.10.1/plugins/com.st.stm32cube.ide.mcu.externaltools.gnu-tools-for-stm32.10.3-2021.10.linux64_1.0.0.202111181127/tools/bin/../lib/gcc/arm-none-eabi/10.3.1/../../../../arm-none-eabi/lib/thumb/v7e-m+fp/hard/rdimon-crt0.o (memset)
/home/linkachu/st/stm32cubeide_1.10.1/plugins/com.st.stm32cube.ide.mcu.externaltools.gnu-tools-for-stm32.10.3-2021.10.linux64_1.0.0.202111181127/tools/bin/../lib/gcc/arm-none-eabi/10.3.1/../../../../arm-none-eabi/lib/thumb/v7e-m+fp/hard/libc_nano.a(lib_a-strlen.o)
                              ./Src/008I2C_Arduino.o (strlen)
/home/linkachu/st/stm32cubeide_1.10.1/plugins/com.st.stm32cube.ide.mcu.externaltools.gnu-tools-for-stm32.10.3-2021.10.linux64_1.0.0.202111181127/tools/bin/../lib/gcc/arm-none-eabi/10.3.1/../../../../arm-none-eabi/lib/thumb/v7e-m+fp/hard/librdimon_nano.a(rdimon-syscalls.o)
                              /home/linkachu/st/stm32cubeide_1.10.1/plugins/com.st.stm32cube.ide.mcu.externaltools.gnu-tools-for-stm32.10.3-2021.10.linux64_1.0.0.202111181127/tools/bin/../lib/gcc/arm-none-eabi/10.3.1/../../../../arm-none-eabi/lib/thumb/v7e-m+fp/hard/rdimon-crt0.o (initialise_monitor_handles)
/home/linkachu/st/stm32cubeide_1.10.1/plugins/com.st.stm32cube.ide.mcu.externaltools.gnu-tools-for-stm32.10.3-2021.10.linux64_1.0.0.202111181127/tools/bin/../lib/gcc/arm-none-eabi/10.3.1/../../../../arm-none-eabi/lib/thumb/v7e-m+fp/hard/librdimon_nano.a(rdimon-_exit.o)
                              /home/linkachu/st/stm32cubeide_1.10.1/plugins/com.st.stm32cube.ide.mcu.externaltools.gnu-tools-for-stm32.10.3-2021.10.linux64_1.0.0.202111181127/tools/bin/../lib/gcc/arm-none-eabi/10.3.1/../../../../arm-none-eabi/lib/thumb/v7e-m+fp/hard/libc_nano.a(lib_a-exit.o) (_exit)
/home/linkachu/st/stm32cubeide_1.10.1/plugins/com.st.stm32cube.ide.mcu.externaltools.gnu-tools-for-stm32.10.3-2021.10.linux64_1.0.0.202111181127/tools/bin/../lib/gcc/arm-none-eabi/10.3.1/../../../../arm-none-eabi/lib/thumb/v7e-m+fp/hard/librdimon_nano.a(rdimon-_kill.o)
                              /home/linkachu/st/stm32cubeide_1.10.1/plugins/com.st.stm32cube.ide.mcu.externaltools.gnu-tools-for-stm32.10.3-2021.10.linux64_1.0.0.202111181127/tools/bin/../lib/gcc/arm-none-eabi/10.3.1/../../../../arm-none-eabi/lib/thumb/v7e-m+fp/hard/librdimon_nano.a(rdimon-_exit.o) (_kill_shared)
/home/linkachu/st/stm32cubeide_1.10.1/plugins/com.st.stm32cube.ide.mcu.externaltools.gnu-tools-for-stm32.10.3-2021.10.linux64_1.0.0.202111181127/tools/bin/../lib/gcc/arm-none-eabi/10.3.1/../../../../arm-none-eabi/lib/thumb/v7e-m+fp/hard/libc_nano.a(lib_a-errno.o)
                              /home/linkachu/st/stm32cubeide_1.10.1/plugins/com.st.stm32cube.ide.mcu.externaltools.gnu-tools-for-stm32.10.3-2021.10.linux64_1.0.0.202111181127/tools/bin/../lib/gcc/arm-none-eabi/10.3.1/../../../../arm-none-eabi/lib/thumb/v7e-m+fp/hard/librdimon_nano.a(rdimon-syscalls.o) (__errno)
[...]
Memory Configuration

Name             Origin             Length             Attributes
CCMRAM           0x0000000010000000 0x0000000000010000 xrw
RAM              0x0000000020000000 0x0000000000020000 xrw
FLASH            0x0000000008000000 0x0000000000100000 xr
*default*        0x0000000000000000 0xffffffffffffffff

Linker script and memory map

LOAD /home/linkachu/st/stm32cubeide_1.10.1/plugins/com.st.stm32cube.ide.mcu.externaltools.gnu-tools-for-stm32.10.3-2021.10.linux64_1.0.0.202111181127/tools/bin/../lib/gcc/arm-none-eabi/10.3.1/thumb/v7e-m+fp/hard/crti.o
LOAD /home/linkachu/st/stm32cubeide_1.10.1/plugins/com.st.stm32cube.ide.mcu.externaltools.gnu-tools-for-stm32.10.3-2021.10.linux64_1.0.0.202111181127/tools/bin/../lib/gcc/arm-none-eabi/10.3.1/thumb/v7e-m+fp/hard/crtbegin.o
LOAD /home/linkachu/st/stm32cubeide_1.10.1/plugins/com.st.stm32cube.ide.mcu.externaltools.gnu-tools-for-stm32.10.3-2021.10.linux64_1.0.0.202111181127/tools/bin/../lib/gcc/arm-none-eabi/10.3.1/../../../../arm-none-eabi/lib/thumb/v7e-m+fp/hard/rdimon-crt0.o
LOAD ./Src/008I2C_Arduino.o
LOAD ./Startup/startup_stm32f407vgtx.o
LOAD ./drivers/Src/stm32407xx_gpio_driver.o
LOAD ./drivers/Src/stm32407xx_spi_driver.o
LOAD ./drivers/Src/stm32f407xx_i2c_driver.o
LOAD /home/linkachu/st/stm32cubeide_1.10.1/plugins/com.st.stm32cube.ide.mcu.externaltools.gnu-tools-for-stm32.10.3-2021.10.linux64_1.0.0.202111181127/tools/bin/../lib/gcc/arm-none-eabi/10.3.1/../../../../arm-none-eabi/lib/thumb/v7e-m+fp/hard/libc_nano.a
LOAD /home/linkachu/st/stm32cubeide_1.10.1/plugins/com.st.stm32cube.ide.mcu.externaltools.gnu-tools-for-stm32.10.3-2021.10.linux64_1.0.0.202111181127/tools/bin/../lib/gcc/arm-none-eabi/10.3.1/../../../../arm-none-eabi/lib/thumb/v7e-m+fp/hard/librdimon_nano.a
START GROUP
LOAD /home/linkachu/st/stm32cubeide_1.10.1/plugins/com.st.stm32cube.ide.mcu.externaltools.gnu-tools-for-stm32.10.3-2021.10.linux64_1.0.0.202111181127/tools/bin/../lib/gcc/arm-none-eabi/10.3.1/../../../../arm-none-eabi/lib/thumb/v7e-m+fp/hard/libc_nano.a
LOAD /home/linkachu/st/stm32cubeide_1.10.1/plugins/com.st.stm32cube.ide.mcu.externaltools.gnu-tools-for-stm32.10.3-2021.10.linux64_1.0.0.202111181127/tools/bin/../lib/gcc/arm-none-eabi/10.3.1/../../../../arm-none-eabi/lib/thumb/v7e-m+fp/hard/libm.a
END GROUP
START GROUP
LOAD /home/linkachu/st/stm32cubeide_1.10.1/plugins/com.st.stm32cube.ide.mcu.externaltools.gnu-tools-for-stm32.10.3-2021.10.linux64_1.0.0.202111181127/tools/bin/../lib/gcc/arm-none-eabi/10.3.1/thumb/v7e-m+fp/hard/libgcc.a
LOAD /home/linkachu/st/stm32cubeide_1.10.1/plugins/com.st.stm32cube.ide.mcu.externaltools.gnu-tools-for-stm32.10.3-2021.10.linux64_1.0.0.202111181127/tools/bin/../lib/gcc/arm-none-eabi/10.3.1/../../../../arm-none-eabi/lib/thumb/v7e-m+fp/hard/libc_nano.a
END GROUP
START GROUP
LOAD /home/linkachu/st/stm32cubeide_1.10.1/plugins/com.st.stm32cube.ide.mcu.externaltools.gnu-tools-for-stm32.10.3-2021.10.linux64_1.0.0.202111181127/tools/bin/../lib/gcc/arm-none-eabi/10.3.1/thumb/v7e-m+fp/hard/libgcc.a
LOAD /home/linkachu/st/stm32cubeide_1.10.1/plugins/com.st.stm32cube.ide.mcu.externaltools.gnu-tools-for-stm32.10.3-2021.10.linux64_1.0.0.202111181127/tools/bin/../lib/gcc/arm-none-eabi/10.3.1/../../../../arm-none-eabi/lib/thumb/v7e-m+fp/hard/libc_nano.a
LOAD /home/linkachu/st/stm32cubeide_1.10.1/plugins/com.st.stm32cube.ide.mcu.externaltools.gnu-tools-for-stm32.10.3-2021.10.linux64_1.0.0.202111181127/tools/bin/../lib/gcc/arm-none-eabi/10.3.1/../../../../arm-none-eabi/lib/thumb/v7e-m+fp/hard/libnosys.a
END GROUP
START GROUP
LOAD /home/linkachu/st/stm32cubeide_1.10.1/plugins/com.st.stm32cube.ide.mcu.externaltools.gnu-tools-for-stm32.10.3-2021.10.linux64_1.0.0.202111181127/tools/bin/../lib/gcc/arm-none-eabi/10.3.1/thumb/v7e-m+fp/hard/libgcc.a
LOAD /home/linkachu/st/stm32cubeide_1.10.1/plugins/com.st.stm32cube.ide.mcu.externaltools.gnu-tools-for-stm32.10.3-2021.10.linux64_1.0.0.202111181127/tools/bin/../lib/gcc/arm-none-eabi/10.3.1/../../../../arm-none-eabi/lib/thumb/v7e-m+fp/hard/libc_nano.a
LOAD /home/linkachu/st/stm32cubeide_1.10.1/plugins/com.st.stm32cube.ide.mcu.externaltools.gnu-tools-for-stm32.10.3-2021.10.linux64_1.0.0.202111181127/tools/bin/../lib/gcc/arm-none-eabi/10.3.1/../../../../arm-none-eabi/lib/thumb/v7e-m+fp/hard/librdimon_nano.a
END GROUP
START GROUP
LOAD /home/linkachu/st/stm32cubeide_1.10.1/plugins/com.st.stm32cube.ide.mcu.externaltools.gnu-tools-for-stm32.10.3-2021.10.linux64_1.0.0.202111181127/tools/bin/../lib/gcc/arm-none-eabi/10.3.1/thumb/v7e-m+fp/hard/libgcc.a
LOAD /home/linkachu/st/stm32cubeide_1.10.1/plugins/com.st.stm32cube.ide.mcu.externaltools.gnu-tools-for-stm32.10.3-2021.10.linux64_1.0.0.202111181127/tools/bin/../lib/gcc/arm-none-eabi/10.3.1/../../../../arm-none-eabi/lib/thumb/v7e-m+fp/hard/libc_nano.a
LOAD /home/linkachu/st/stm32cubeide_1.10.1/plugins/com.st.stm32cube.ide.mcu.externaltools.gnu-tools-for-stm32.10.3-2021.10.linux64_1.0.0.202111181127/tools/bin/../lib/gcc/arm-none-eabi/10.3.1/../../../../arm-none-eabi/lib/thumb/v7e-m+fp/hard/librdimon_nano.a
LOAD /home/linkachu/st/stm32cubeide_1.10.1/plugins/com.st.stm32cube.ide.mcu.externaltools.gnu-tools-for-stm32.10.3-2021.10.linux64_1.0.0.202111181127/tools/bin/../lib/gcc/arm-none-eabi/10.3.1/../../../../arm-none-eabi/lib/thumb/v7e-m+fp/hard/libnosys.a
END GROUP
LOAD /home/linkachu/st/stm32cubeide_1.10.1/plugins/com.st.stm32cube.ide.mcu.externaltools.gnu-tools-for-stm32.10.3-2021.10.linux64_1.0.0.202111181127/tools/bin/../lib/gcc/arm-none-eabi/10.3.1/thumb/v7e-m+fp/hard/crtend.o
LOAD /home/linkachu/st/stm32cubeide_1.10.1/plugins/com.st.stm32cube.ide.mcu.externaltools.gnu-tools-for-stm32.10.3-2021.10.linux64_1.0.0.202111181127/tools/bin/../lib/gcc/arm-none-eabi/10.3.1/thumb/v7e-m+fp/hard/crtn.o
                0x0000000020020000                _estack = (ORIGIN (RAM) + LENGTH (RAM))
                0x0000000000000200                _Min_Heap_Size = 0x200
                0x0000000000000400                _Min_Stack_Size = 0x400

.isr_vector     0x0000000008000000      0x1a8
                0x0000000008000000                . = ALIGN (0x4)
 *(.isr_vector)
 .isr_vector    0x0000000008000000      0x1a8 ./Startup/startup_stm32f407vgtx.o
                0x0000000008000000                g_pfnVectors
                0x00000000080001a8                . = ALIGN (0x4)

.text           0x00000000080001a8      0xcc8
                0x00000000080001a8                . = ALIGN (0x4)
 *(.text)
 .text          0x00000000080001a8       0x40 /home/linkachu/st/stm32cubeide_1.10.1/plugins/com.st.stm32cube.ide.mcu.externaltools.gnu-tools-for-stm32.10.3-2021.10.linux64_1.0.0.202111181127/tools/bin/../lib/gcc/arm-none-eabi/10.3.1/thumb/v7e-m+fp/hard/crtbegin.o
 .text          0x00000000080001e8       0x10 /home/linkachu/st/stm32cubeide_1.10.1/plugins/com.st.stm32cube.ide.mcu.externaltools.gnu-tools-for-stm32.10.3-2021.10.linux64_1.0.0.202111181127/tools/bin/../lib/gcc/arm-none-eabi/10.3.1/../../../../arm-none-eabi/lib/thumb/v7e-m+fp/hard/libc_nano.a(lib_a-strlen.o)
                0x00000000080001e8                strlen
 *(.text*)
 .text.delay    0x00000000080001f8       0x36 ./Src/008I2C_Arduino.o
                0x00000000080001f8                delay
 *fill*         0x000000000800022e        0x2 
 .text.I2C1GPIOInit
                0x0000000008000230       0x7c ./Src/008I2C_Arduino.o
                0x0000000008000230                I2C1GPIOInit
 .text.I2C1_Init
                0x00000000080002ac       0x3c ./Src/008I2C_Arduino.o
                0x00000000080002ac                I2C1_Init
 .text.USRBTN_Init
                0x00000000080002e8       0x38 ./Src/008I2C_Arduino.o
                0x00000000080002e8                USRBTN_Init
 .text.sendMessage
                0x0000000008000320       0x48 ./Src/008I2C_Arduino.o
                0x0000000008000320                sendMessage
 .text.main     0x0000000008000368       0x24 ./Src/008I2C_Arduino.o
                0x0000000008000368                main
 .text.EXTI0_IRQHandler
                0x000000000800038c       0x18 ./Src/008I2C_Arduino.o
                0x000000000800038c                EXTI0_IRQHandler
 .text.Reset_Handler
                0x00000000080003a4       0x50 ./Startup/startup_stm32f407vgtx.o
                0x00000000080003a4                Reset_Handler
 .text.Default_Handler
                0x00000000080003f4        0x2 ./Startup/startup_stm32f407vgtx.o
                0x00000000080003f4                RTC_Alarm_IRQHandler
                0x00000000080003f4                HASH_RNG_IRQHandler
                0x00000000080003f4                EXTI2_IRQHandler
                0x00000000080003f4                TIM8_CC_IRQHandler
                0x00000000080003f4                DebugMon_Handler
                0x00000000080003f4                TIM1_CC_IRQHandler
                0x00000000080003f4                DMA2_Stream5_IRQHandler
                0x00000000080003f4                HardFault_Handler
                0x00000000080003f4                DMA1_Stream5_IRQHandler
                0x00000000080003f4                SysTick_Handler
                0x00000000080003f4                PVD_IRQHandler
                0x00000000080003f4                SDIO_IRQHandler
                0x00000000080003f4                TAMP_STAMP_IRQHandler
                0x00000000080003f4                PendSV_Handler
                0x00000000080003f4                NMI_Handler
                0x00000000080003f4                CAN2_RX1_IRQHandler
                0x00000000080003f4                EXTI3_IRQHandler
                0x00000000080003f4                TIM8_TRG_COM_TIM14_IRQHandler
                0x00000000080003f4                TIM1_UP_TIM10_IRQHandler
                0x00000000080003f4                TIM8_UP_TIM13_IRQHandler
                0x00000000080003f4                I2C3_ER_IRQHandler
                0x00000000080003f4                LCD_TFT_IRQHandler
                0x00000000080003f4                I2C2_EV_IRQHandler
                0x00000000080003f4                DMA1_Stream2_IRQHandler
                0x00000000080003f4                CAN1_RX0_IRQHandler
                0x00000000080003f4                FPU_IRQHandler
                0x00000000080003f4                OTG_HS_WKUP_IRQHandler
                0x00000000080003f4                UsageFault_Handler
                0x00000000080003f4                CAN2_SCE_IRQHandler
                0x00000000080003f4                DMA2_Stream2_IRQHandler
                0x00000000080003f4                SPI1_IRQHandler
                0x00000000080003f4                TIM6_DAC_IRQHandler
                0x00000000080003f4                TIM1_BRK_TIM9_IRQHandler
                0x00000000080003f4                DCMI_IRQHandler
                0x00000000080003f4                CAN2_RX0_IRQHandler
                0x00000000080003f4                DMA2_Stream3_IRQHandler
                0x00000000080003f4                USART6_IRQHandler
                0x00000000080003f4                USART3_IRQHandler
                0x00000000080003f4                CRYP_IRQHandler
                0x00000000080003f4                CAN1_RX1_IRQHandler
                0x00000000080003f4                UART5_IRQHandler
                0x00000000080003f4                DMA2_Stream0_IRQHandler
                0x00000000080003f4                TIM4_IRQHandler
                0x00000000080003f4                I2C1_EV_IRQHandler
                0x00000000080003f4                DMA1_Stream6_IRQHandler
                0x00000000080003f4                DMA1_Stream1_IRQHandler
                0x00000000080003f4                UART4_IRQHandler
                0x00000000080003f4                LCD_TFT_1_IRQHandler
                0x00000000080003f4                TIM3_IRQHandler
                0x00000000080003f4                RCC_IRQHandler
                0x00000000080003f4                TIM8_BRK_TIM12_IRQHandler
                0x00000000080003f4                Default_Handler
                0x00000000080003f4                EXTI15_10_IRQHandler
                0x00000000080003f4                ADC_IRQHandler
                0x00000000080003f4                DMA1_Stream7_IRQHandler
                0x00000000080003f4                TIM7_IRQHandler
                0x00000000080003f4                CAN2_TX_IRQHandler
                0x00000000080003f4                TIM5_IRQHandler
                0x00000000080003f4                DMA2_Stream7_IRQHandler
                0x00000000080003f4                I2C3_EV_IRQHandler
                0x00000000080003f4                EXTI9_5_IRQHandler
                0x00000000080003f4                RTC_WKUP_IRQHandler
                0x00000000080003f4                ETH_WKUP_IRQHandler
                0x00000000080003f4                SPI2_IRQHandler
                0x00000000080003f4                OTG_HS_EP1_IN_IRQHandler
                0x00000000080003f4                MemManage_Handler
                0x00000000080003f4                DMA1_Stream0_IRQHandler
                0x00000000080003f4                CAN1_TX_IRQHandler
                0x00000000080003f4                SVC_Handler
                0x00000000080003f4                EXTI4_IRQHandler
                0x00000000080003f4                FSMC_IRQHandler
                0x00000000080003f4                ETH_IRQHandler
                0x00000000080003f4                OTG_HS_EP1_OUT_IRQHandler
                0x00000000080003f4                WWDG_IRQHandler
                0x00000000080003f4                TIM2_IRQHandler
                0x00000000080003f4                OTG_FS_WKUP_IRQHandler
                0x00000000080003f4                TIM1_TRG_COM_TIM11_IRQHandler
                0x00000000080003f4                OTG_HS_IRQHandler
                0x00000000080003f4                EXTI1_IRQHandler
                0x00000000080003f4                USART2_IRQHandler
                0x00000000080003f4                I2C2_ER_IRQHandler
                0x00000000080003f4                DMA2_Stream1_IRQHandler
                0x00000000080003f4                CAN1_SCE_IRQHandler
                0x00000000080003f4                DMA2_Stream4_IRQHandler
                0x00000000080003f4                BusFault_Handler
                0x00000000080003f4                USART1_IRQHandler
                0x00000000080003f4                OTG_FS_IRQHandler
                0x00000000080003f4                SPI3_IRQHandler
                0x00000000080003f4                DMA1_Stream4_IRQHandler
                0x00000000080003f4                I2C1_ER_IRQHandler
                0x00000000080003f4                DMA2_Stream6_IRQHandler
                0x00000000080003f4                DMA1_Stream3_IRQHandler
 *fill*         0x00000000080003f6        0x2 
 .text.GPIO_PeriClockControl
                0x00000000080003f8      0x1d8 ./drivers/Src/stm32407xx_gpio_driver.o
                0x00000000080003f8                GPIO_PeriClockControl
 .text.GPIO_Init
                0x00000000080005d0      0x354 ./drivers/Src/stm32407xx_gpio_driver.o
                0x00000000080005d0                GPIO_Init
 .text.GPIO_IRQHandling
                0x0000000008000924       0x40 ./drivers/Src/stm32407xx_gpio_driver.o
                0x0000000008000924                GPIO_IRQHandling
 .text.I2C_GenerateStartCondition
                0x0000000008000964       0x20 ./drivers/Src/stm32f407xx_i2c_driver.o
 .text.I2C_GenerateStopCondition
                0x0000000008000984       0x20 ./drivers/Src/stm32f407xx_i2c_driver.o
 .text.I2C_ExecuteAddressPhase
                0x00000000080009a4       0x42 ./drivers/Src/stm32f407xx_i2c_driver.o
 .text.I2C_ClearADDRFlag
                0x00000000080009e6       0x20 ./drivers/Src/stm32f407xx_i2c_driver.o
 *fill*         0x0000000008000a06        0x2 
 .text.I2C_PeriClockControl
                0x0000000008000a08       0xb8 ./drivers/Src/stm32f407xx_i2c_driver.o
                0x0000000008000a08                I2C_PeriClockControl
 .text.RCC_GetPCLK1Value
                0x0000000008000ac0       0xa4 ./drivers/Src/stm32f407xx_i2c_driver.o
                0x0000000008000ac0                RCC_GetPCLK1Value
 .text.I2C_Init
                0x0000000008000b64      0x184 ./drivers/Src/stm32f407xx_i2c_driver.o
                0x0000000008000b64                I2C_Init
 .text.I2C_GetSR1FlagStatus
                0x0000000008000ce8       0x28 ./drivers/Src/stm32f407xx_i2c_driver.o
                0x0000000008000ce8                I2C_GetSR1FlagStatus
 .text.I2C_MasterSendData
                0x0000000008000d10       0xc6 ./drivers/Src/stm32f407xx_i2c_driver.o
                0x0000000008000d10                I2C_MasterSendData
 .text.I2C_PeripheralControl
                0x0000000008000dd6       0x38 ./drivers/Src/stm32f407xx_i2c_driver.o
                0x0000000008000dd6                I2C_PeripheralControl
 *fill*         0x0000000008000e0e        0x2 
 .text.__libc_init_array
                0x0000000008000e10       0x48 /home/linkachu/st/stm32cubeide_1.10.1/plugins/com.st.stm32cube.ide.mcu.externaltools.gnu-tools-for-stm32.10.3-2021.10.linux64_1.0.0.202111181127/tools/bin/../lib/gcc/arm-none-eabi/10.3.1/../../../../arm-none-eabi/lib/thumb/v7e-m+fp/hard/libc_nano.a(lib_a-init.o)
                0x0000000008000e10                __libc_init_array
 *(.glue_7)
 .glue_7        0x0000000008000e58        0x0 linker stubs
 *(.glue_7t)
 .glue_7t       0x0000000008000e58        0x0 linker stubs
 *(.eh_frame)
 .eh_frame      0x0000000008000e58        0x0 /home/linkachu/st/stm32cubeide_1.10.1/plugins/com.st.stm32cube.ide.mcu.externaltools.gnu-tools-for-stm32.10.3-2021.10.linux64_1.0.0.202111181127/tools/bin/../lib/gcc/arm-none-eabi/10.3.1/thumb/v7e-m+fp/hard/crtbegin.o
 *(.init)
 .init          0x0000000008000e58        0x4 /home/linkachu/st/stm32cubeide_1.10.1/plugins/com.st.stm32cube.ide.mcu.externaltools.gnu-tools-for-stm32.10.3-2021.10.linux64_1.0.0.202111181127/tools/bin/../lib/gcc/arm-none-eabi/10.3.1/thumb/v7e-m+fp/hard/crti.o
                0x0000000008000e58                _init
 .init          0x0000000008000e5c        0x8 /home/linkachu/st/stm32cubeide_1.10.1/plugins/com.st.stm32cube.ide.mcu.externaltools.gnu-tools-for-stm32.10.3-2021.10.linux64_1.0.0.202111181127/tools/bin/../lib/gcc/arm-none-eabi/10.3.1/thumb/v7e-m+fp/hard/crtn.o
 *(.fini)
 .fini          0x0000000008000e64        0x4 /home/linkachu/st/stm32cubeide_1.10.1/plugins/com.st.stm32cube.ide.mcu.externaltools.gnu-tools-for-stm32.10.3-2021.10.linux64_1.0.0.202111181127/tools/bin/../lib/gcc/arm-none-eabi/10.3.1/thumb/v7e-m+fp/hard/crti.o
                0x0000000008000e64                _fini
 .fini          0x0000000008000e68        0x8 /home/linkachu/st/stm32cubeide_1.10.1/plugins/com.st.stm32cube.ide.mcu.externaltools.gnu-tools-for-stm32.10.3-2021.10.linux64_1.0.0.202111181127/tools/bin/../lib/gcc/arm-none-eabi/10.3.1/thumb/v7e-m+fp/hard/crtn.o
                0x0000000008000e70                . = ALIGN (0x4)
                0x0000000008000e70                _etext = .

.vfp11_veneer   0x0000000008000e70        0x0
 .vfp11_veneer  0x0000000008000e70        0x0 linker stubs

.v4_bx          0x0000000008000e70        0x0
 .v4_bx         0x0000000008000e70        0x0 linker stubs

.iplt           0x0000000008000e70        0x0
 .iplt          0x0000000008000e70        0x0 /home/linkachu/st/stm32cubeide_1.10.1/plugins/com.st.stm32cube.ide.mcu.externaltools.gnu-tools-for-stm32.10.3-2021.10.linux64_1.0.0.202111181127/tools/bin/../lib/gcc/arm-none-eabi/10.3.1/thumb/v7e-m+fp/hard/crtbegin.o

.rodata         0x0000000008000e70        0xc
                0x0000000008000e70                . = ALIGN (0x4)
 *(.rodata)
 .rodata        0x0000000008000e70        0xb ./Src/008I2C_Arduino.o
 *(.rodata*)
                0x0000000008000e7c                . = ALIGN (0x4)
 *fill*         0x0000000008000e7b        0x1 

.rel.dyn        0x0000000008000e7c        0x0
 .rel.iplt      0x0000000008000e7c        0x0 /home/linkachu/st/stm32cubeide_1.10.1/plugins/com.st.stm32cube.ide.mcu.externaltools.gnu-tools-for-stm32.10.3-2021.10.linux64_1.0.0.202111181127/tools/bin/../lib/gcc/arm-none-eabi/10.3.1/thumb/v7e-m+fp/hard/crtbegin.o

.ARM.extab      0x0000000008000e7c        0x0
                0x0000000008000e7c                . = ALIGN (0x4)
 *(.ARM.extab* .gnu.linkonce.armextab.*)
                0x0000000008000e7c                . = ALIGN (0x4)

.ARM            0x0000000008000e7c        0x0
                0x0000000008000e7c                . = ALIGN (0x4)
                0x0000000008000e7c                __exidx_start = .
 *(.ARM.exidx*)
                0x0000000008000e7c                __exidx_end = .
                0x0000000008000e7c                . = ALIGN (0x4)

.preinit_array  0x0000000008000e7c        0x0
                0x0000000008000e7c                . = ALIGN (0x4)
                0x0000000008000e7c                PROVIDE (__preinit_array_start = .)
 *(.preinit_array*)
                0x0000000008000e7c                PROVIDE (__preinit_array_end = .)
                0x0000000008000e7c                . = ALIGN (0x4)

.init_array     0x0000000008000e7c        0x4
                0x0000000008000e7c                . = ALIGN (0x4)
                0x0000000008000e7c                PROVIDE (__init_array_start = .)
 *(SORT_BY_NAME(.init_array.*))
 *(.init_array*)
 .init_array    0x0000000008000e7c        0x4 /home/linkachu/st/stm32cubeide_1.10.1/plugins/com.st.stm32cube.ide.mcu.externaltools.gnu-tools-for-stm32.10.3-2021.10.linux64_1.0.0.202111181127/tools/bin/../lib/gcc/arm-none-eabi/10.3.1/thumb/v7e-m+fp/hard/crtbegin.o
                0x0000000008000e80                PROVIDE (__init_array_end = .)
                0x0000000008000e80                . = ALIGN (0x4)

.fini_array     0x0000000008000e80        0x4
                0x0000000008000e80                . = ALIGN (0x4)
                [!provide]                        PROVIDE (__fini_array_start = .)
 *(SORT_BY_NAME(.fini_array.*))
 *(.fini_array*)
 .fini_array    0x0000000008000e80        0x4 /home/linkachu/st/stm32cubeide_1.10.1/plugins/com.st.stm32cube.ide.mcu.externaltools.gnu-tools-for-stm32.10.3-2021.10.linux64_1.0.0.202111181127/tools/bin/../lib/gcc/arm-none-eabi/10.3.1/thumb/v7e-m+fp/hard/crtbegin.o
                [!provide]                        PROVIDE (__fini_array_end = .)
                0x0000000008000e84                . = ALIGN (0x4)
                0x0000000008000e84                _sidata = LOADADDR (.data)

.data           0x0000000020000000       0x18 load address 0x0000000008000e84
                0x0000000020000000                . = ALIGN (0x4)
                0x0000000020000000                _sdata = .
 *(.data)
 *(.data*)
 .data.AHBPrescaler
                0x0000000020000000       0x10 ./drivers/Src/stm32f407xx_i2c_driver.o
                0x0000000020000000                AHBPrescaler
 .data.APB1Prescaler
                0x0000000020000010        0x8 ./drivers/Src/stm32f407xx_i2c_driver.o
                0x0000000020000010                APB1Prescaler
 *(.RamFunc)
 *(.RamFunc*)
                0x0000000020000018                . = ALIGN (0x4)
                0x0000000020000018                _edata = .
                0x0000000008000e9c                _siccmram = LOADADDR (.ccmram)

.igot.plt       0x0000000020000018        0x0 load address 0x0000000008000e9c
 .igot.plt      0x0000000020000018        0x0 /home/linkachu/st/stm32cubeide_1.10.1/plugins/com.st.stm32cube.ide.mcu.externaltools.gnu-tools-for-stm32.10.3-2021.10.linux64_1.0.0.202111181127/tools/bin/../lib/gcc/arm-none-eabi/10.3.1/thumb/v7e-m+fp/hard/crtbegin.o

.ccmram         0x0000000010000000        0x0 load address 0x0000000008000e9c
                0x0000000010000000                . = ALIGN (0x4)
                0x0000000010000000                _sccmram = .
 *(.ccmram)
 *(.ccmram*)
                0x0000000010000000                . = ALIGN (0x4)
                0x0000000010000000                _eccmram = .
                0x0000000010000000                . = ALIGN (0x4)

.bss            0x0000000020000018       0x28
                0x0000000020000018                _sbss = .
                0x0000000020000018                __bss_start__ = _sbss
 *(.bss)
 .bss           0x0000000020000018       0x1c /home/linkachu/st/stm32cubeide_1.10.1/plugins/com.st.stm32cube.ide.mcu.externaltools.gnu-tools-for-stm32.10.3-2021.10.linux64_1.0.0.202111181127/tools/bin/../lib/gcc/arm-none-eabi/10.3.1/thumb/v7e-m+fp/hard/crtbegin.o
 *(.bss*)
 .bss.myI2CHandle
                0x0000000020000034        0xc ./Src/008I2C_Arduino.o
                0x0000000020000034                myI2CHandle
 *(COMMON)
                0x0000000020000040                . = ALIGN (0x4)
                0x0000000020000040                _ebss = .
                0x0000000020000040                __bss_end__ = _ebss

._user_heap_stack
                0x0000000020000040      0x600
                0x0000000020000040                . = ALIGN (0x8)
                0x0000000020000040                PROVIDE (end = .)
                [!provide]                        PROVIDE (_end = .)
                0x0000000020000240                . = (. + _Min_Heap_Size)
 *fill*         0x0000000020000040      0x200 
                0x0000000020000640                . = (. + _Min_Stack_Size)
 *fill*         0x0000000020000240      0x400 
                0x0000000020000640                . = ALIGN (0x8)

/DISCARD/
 libc.a(*)
 libm.a(*)
 libgcc.a(*)

.ARM.attributes
                0x0000000000000000       0x30
 *(.ARM.attributes)
 .ARM.attributes
                0x0000000000000000       0x1e /home/linkachu/st/stm32cubeide_1.10.1/plugins/com.st.stm32cube.ide.mcu.externaltools.gnu-tools-for-stm32.10.3-2021.10.linux64_1.0.0.202111181127/tools/bin/../lib/gcc/arm-none-eabi/10.3.1/thumb/v7e-m+fp/hard/crti.o
 .ARM.attributes
                0x000000000000001e       0x34 /home/linkachu/st/stm32cubeide_1.10.1/plugins/com.st.stm32cube.ide.mcu.externaltools.gnu-tools-for-stm32.10.3-2021.10.linux64_1.0.0.202111181127/tools/bin/../lib/gcc/arm-none-eabi/10.3.1/thumb/v7e-m+fp/hard/crtbegin.o
 .ARM.attributes
                0x0000000000000052       0x34 ./Src/008I2C_Arduino.o
 .ARM.attributes
                0x0000000000000086       0x21 ./Startup/startup_stm32f407vgtx.o
 .ARM.attributes
                0x00000000000000a7       0x34 ./drivers/Src/stm32407xx_gpio_driver.o
 .ARM.attributes
                0x00000000000000db       0x34 ./drivers/Src/stm32f407xx_i2c_driver.o
 .ARM.attributes
                0x000000000000010f       0x34 /home/linkachu/st/stm32cubeide_1.10.1/plugins/com.st.stm32cube.ide.mcu.externaltools.gnu-tools-for-stm32.10.3-2021.10.linux64_1.0.0.202111181127/tools/bin/../lib/gcc/arm-none-eabi/10.3.1/../../../../arm-none-eabi/lib/thumb/v7e-m+fp/hard/libc_nano.a(lib_a-init.o)
 .ARM.attributes
                0x0000000000000143       0x17 /home/linkachu/st/stm32cubeide_1.10.1/plugins/com.st.stm32cube.ide.mcu.externaltools.gnu-tools-for-stm32.10.3-2021.10.linux64_1.0.0.202111181127/tools/bin/../lib/gcc/arm-none-eabi/10.3.1/../../../../arm-none-eabi/lib/thumb/v7e-m+fp/hard/libc_nano.a(lib_a-strlen.o)
 .ARM.attributes
                0x000000000000015a       0x1e /home/linkachu/st/stm32cubeide_1.10.1/plugins/com.st.stm32cube.ide.mcu.externaltools.gnu-tools-for-stm32.10.3-2021.10.linux64_1.0.0.202111181127/tools/bin/../lib/gcc/arm-none-eabi/10.3.1/thumb/v7e-m+fp/hard/crtn.o
OUTPUT(stm32f4xx_drivers.elf elf32-littlearm)
LOAD linker stubs
LOAD /home/linkachu/st/stm32cubeide_1.10.1/plugins/com.st.stm32cube.ide.mcu.externaltools.gnu-tools-for-stm32.10.3-2021.10.linux64_1.0.0.202111181127/tools/bin/../lib/gcc/arm-none-eabi/10.3.1/../../../../arm-none-eabi/lib/thumb/v7e-m+fp/hard/libc.a
LOAD /home/linkachu/st/stm32cubeide_1.10.1/plugins/com.st.stm32cube.ide.mcu.externaltools.gnu-tools-for-stm32.10.3-2021.10.linux64_1.0.0.202111181127/tools/bin/../lib/gcc/arm-none-eabi/10.3.1/../../../../arm-none-eabi/lib/thumb/v7e-m+fp/hard/libm.a
LOAD /home/linkachu/st/stm32cubeide_1.10.1/plugins/com.st.stm32cube.ide.mcu.externaltools.gnu-tools-for-stm32.10.3-2021.10.linux64_1.0.0.202111181127/tools/bin/../lib/gcc/arm-none-eabi/10.3.1/thumb/v7e-m+fp/hard/libgcc.a

.debug_info     0x0000000000000000     0x1423
 .debug_info    0x0000000000000000      0x541 ./Src/008I2C_Arduino.o
 .debug_info    0x0000000000000541       0x22 ./Startup/startup_stm32f407vgtx.o
 .debug_info    0x0000000000000563      0x7f3 ./drivers/Src/stm32407xx_gpio_driver.o
 .debug_info    0x0000000000000d56      0x6cd ./drivers/Src/stm32f407xx_i2c_driver.o

.debug_abbrev   0x0000000000000000      0x52e
 .debug_abbrev  0x0000000000000000      0x1af ./Src/008I2C_Arduino.o
 .debug_abbrev  0x00000000000001af       0x12 ./Startup/startup_stm32f407vgtx.o
 .debug_abbrev  0x00000000000001c1      0x18f ./drivers/Src/stm32407xx_gpio_driver.o
 .debug_abbrev  0x0000000000000350      0x1de ./drivers/Src/stm32f407xx_i2c_driver.o

.debug_aranges  0x0000000000000000      0x158
 .debug_aranges
                0x0000000000000000       0x50 ./Src/008I2C_Arduino.o
 .debug_aranges
                0x0000000000000050       0x28 ./Startup/startup_stm32f407vgtx.o
 .debug_aranges
                0x0000000000000078       0x70 ./drivers/Src/stm32407xx_gpio_driver.o
 .debug_aranges
                0x00000000000000e8       0x70 ./drivers/Src/stm32f407xx_i2c_driver.o

.debug_ranges   0x0000000000000000      0x120
 .debug_ranges  0x0000000000000000       0x40 ./Src/008I2C_Arduino.o
 .debug_ranges  0x0000000000000040       0x20 ./Startup/startup_stm32f407vgtx.o
 .debug_ranges  0x0000000000000060       0x60 ./drivers/Src/stm32407xx_gpio_driver.o
 .debug_ranges  0x00000000000000c0       0x60 ./drivers/Src/stm32f407xx_i2c_driver.o

.debug_macro    0x0000000000000000     0x3033
 .debug_macro   0x0000000000000000      0x171 ./Src/008I2C_Arduino.o
 .debug_macro   0x0000000000000171      0xa84 ./Src/008I2C_Arduino.o
 .debug_macro   0x0000000000000bf5       0x22 ./Src/008I2C_Arduino.o
 .debug_macro   0x0000000000000c17       0x8e ./Src/008I2C_Arduino.o
 .debug_macro   0x0000000000000ca5       0x51 ./Src/008I2C_Arduino.o
 .debug_macro   0x0000000000000cf6      0x103 ./Src/008I2C_Arduino.o
 .debug_macro   0x0000000000000df9       0x6a ./Src/008I2C_Arduino.o
 .debug_macro   0x0000000000000e63      0x1df ./Src/008I2C_Arduino.o
 .debug_macro   0x0000000000001042      0x174 ./Src/008I2C_Arduino.o
 .debug_macro   0x00000000000011b6      0x5fd ./Src/008I2C_Arduino.o
 .debug_macro   0x00000000000017b3       0xc4 ./Src/008I2C_Arduino.o
 .debug_macro   0x0000000000001877       0xf4 ./Src/008I2C_Arduino.o
 .debug_macro   0x000000000000196b       0xb8 ./Src/008I2C_Arduino.o
 .debug_macro   0x0000000000001a23       0x52 ./Src/008I2C_Arduino.o
 .debug_macro   0x0000000000001a75       0x1e ./Src/008I2C_Arduino.o
 .debug_macro   0x0000000000001a93       0x3c ./Src/008I2C_Arduino.o
 .debug_macro   0x0000000000001acf       0x34 ./Src/008I2C_Arduino.o
 .debug_macro   0x0000000000001b03       0x16 ./Src/008I2C_Arduino.o
 .debug_macro   0x0000000000001b19       0x43 ./Src/008I2C_Arduino.o
 .debug_macro   0x0000000000001b5c       0x34 ./Src/008I2C_Arduino.o
 .debug_macro   0x0000000000001b90       0x10 ./Src/008I2C_Arduino.o
 .debug_macro   0x0000000000001ba0       0x58 ./Src/008I2C_Arduino.o
 .debug_macro   0x0000000000001bf8       0x71 ./Src/008I2C_Arduino.o
 .debug_macro   0x0000000000001c69       0x1c ./Src/008I2C_Arduino.o
 .debug_macro   0x0000000000001c85      0x12a ./Src/008I2C_Arduino.o
 .debug_macro   0x0000000000001daf      0x341 ./Src/008I2C_Arduino.o
 .debug_macro   0x00000000000020f0       0x10 ./Src/008I2C_Arduino.o
 .debug_macro   0x0000000000002100       0x35 ./Src/008I2C_Arduino.o
 .debug_macro   0x0000000000002135       0x20 ./Src/008I2C_Arduino.o
 .debug_macro   0x0000000000002155      0x278 ./drivers/Src/stm32407xx_gpio_driver.o
 .debug_macro   0x00000000000023cd       0xee ./drivers/Src/stm32407xx_gpio_driver.o
 .debug_macro   0x00000000000024bb       0x16 ./drivers/Src/stm32407xx_gpio_driver.o
 .debug_macro   0x00000000000024d1       0x10 ./drivers/Src/stm32407xx_gpio_driver.o
 .debug_macro   0x00000000000024e1       0x10 ./drivers/Src/stm32407xx_gpio_driver.o
 .debug_macro   0x00000000000024f1       0x1c ./drivers/Src/stm32407xx_gpio_driver.o
 .debug_macro   0x000000000000250d       0x52 ./drivers/Src/stm32407xx_gpio_driver.o
 .debug_macro   0x000000000000255f       0x22 ./drivers/Src/stm32407xx_gpio_driver.o
 .debug_macro   0x0000000000002581       0x10 ./drivers/Src/stm32407xx_gpio_driver.o
 .debug_macro   0x0000000000002591       0x52 ./drivers/Src/stm32407xx_gpio_driver.o
 .debug_macro   0x00000000000025e3       0xd5 ./drivers/Src/stm32407xx_gpio_driver.o
 .debug_macro   0x00000000000026b8       0x1c ./drivers/Src/stm32407xx_gpio_driver.o
 .debug_macro   0x00000000000026d4       0x3d ./drivers/Src/stm32407xx_gpio_driver.o
 .debug_macro   0x0000000000002711       0x16 ./drivers/Src/stm32407xx_gpio_driver.o
 .debug_macro   0x0000000000002727      0x145 ./drivers/Src/stm32407xx_gpio_driver.o
 .debug_macro   0x000000000000286c       0x16 ./drivers/Src/stm32407xx_gpio_driver.o
 .debug_macro   0x0000000000002882      0x51a ./drivers/Src/stm32407xx_gpio_driver.o
 .debug_macro   0x0000000000002d9c       0x16 ./drivers/Src/stm32407xx_gpio_driver.o
 .debug_macro   0x0000000000002db2       0x16 ./drivers/Src/stm32407xx_gpio_driver.o
 .debug_macro   0x0000000000002dc8       0x29 ./drivers/Src/stm32407xx_gpio_driver.o
 .debug_macro   0x0000000000002df1      0x19b ./drivers/Src/stm32407xx_gpio_driver.o
 .debug_macro   0x0000000000002f8c       0xa7 ./drivers/Src/stm32f407xx_i2c_driver.o

.debug_line     0x0000000000000000     0x1a75
 .debug_line    0x0000000000000000      0x69e ./Src/008I2C_Arduino.o
 .debug_line    0x000000000000069e       0x84 ./Startup/startup_stm32f407vgtx.o
 .debug_line    0x0000000000000722      0xbda ./drivers/Src/stm32407xx_gpio_driver.o
 .debug_line    0x00000000000012fc      0x779 ./drivers/Src/stm32f407xx_i2c_driver.o

.debug_str      0x0000000000000000     0xc2a1
 .debug_str     0x0000000000000000     0x9611 ./Src/008I2C_Arduino.o
                                       0x9838 (size before relaxing)
 .debug_str     0x0000000000009611       0x31 ./Startup/startup_stm32f407vgtx.o
                                         0x72 (size before relaxing)
 .debug_str     0x0000000000009642     0x2b1a ./drivers/Src/stm32407xx_gpio_driver.o
                                       0xc173 (size before relaxing)
 .debug_str     0x000000000000c15c      0x145 ./drivers/Src/stm32f407xx_i2c_driver.o
                                       0x6acc (size before relaxing)

.comment        0x0000000000000000       0x50
 .comment       0x0000000000000000       0x50 ./Src/008I2C_Arduino.o
                                         0x51 (size before relaxing)
 .comment       0x0000000000000050       0x51 ./drivers/Src/stm32407xx_gpio_driver.o
 .comment       0x0000000000000050       0x51 ./drivers/Src/stm32f407xx_i2c_driver.o

.debug_frame    0x0000000000000000      0x4b4
 .debug_frame   0x0000000000000000      0x104 ./Src/008I2C_Arduino.o
 .debug_frame   0x0000000000000104      0x1c4 ./drivers/Src/stm32407xx_gpio_driver.o
 .debug_frame   0x00000000000002c8      0x1c0 ./drivers/Src/stm32f407xx_i2c_driver.o
 .debug_frame   0x0000000000000488       0x2c /home/linkachu/st/stm32cubeide_1.10.1/plugins/com.st.stm32cube.ide.mcu.externaltools.gnu-tools-for-stm32.10.3-2021.10.linux64_1.0.0.202111181127/tools/bin/../lib/gcc/arm-none-eabi/10.3.1/../../../../arm-none-eabi/lib/thumb/v7e-m+fp/hard/libc_nano.a(lib_a-init.o)
