14:51:52 **** Build of configuration Debug for project 001HelloWorld ****
make -j4 all 
arm-none-eabi-gcc -o "001HelloWorld.elf" @"objects.list"   -mcpu=cortex-m4 -T"C:\Users\ebraun\Desktop\MasteringMCU\MCU1\001HelloWorld\STM32F407VGTX_FLASH.ld" --specs=nosys.specs -Wl,-Map="001HelloWorld.map" -Wl,--gc-sections -static --specs=nano.specs -mfloat-abi=soft -mthumb -Wl,--start-group -lc -lm -Wl,--end-group
Finished building target: 001HelloWorld.elf
 
arm-none-eabi-size   001HelloWorld.elf 
arm-none-eabi-objdump -h -S  001HelloWorld.elf  > "001HelloWorld.list"
   text	   data	    bss	    dec	    hex	filename
   5596	    108	   1588	   7292	   1c7c	001HelloWorld.elf
Finished building: default.size.stdout
 
Finished building: 001HelloWorld.list
 

14:51:55 Build Finished. 0 errors, 0 warnings. (took 2s.715ms)

