17:46:37 **** Build of configuration Debug for project 002SampleApp ****
make -j4 all 
arm-none-eabi-gcc -o "002SampleApp.elf" @"objects.list"   -mcpu=cortex-m4 -T"C:\Users\ebraun\Desktop\MasteringMCU\MCU1\002SampleApp\STM32F407VGTX_FLASH.ld" --specs=nosys.specs -Wl,-Map="002SampleApp.map" -Wl,--gc-sections -static --specs=nano.specs -mfloat-abi=soft -mthumb -Wl,--start-group -lc -lm -Wl,--end-group
Finished building target: 002SampleApp.elf
 
arm-none-eabi-size   002SampleApp.elf 
arm-none-eabi-objdump -h -S  002SampleApp.elf  > "002SampleApp.list"
   text	   data	    bss	    dec	    hex	filename
   6752	    180	   1588	   8520	   2148	002SampleApp.elf
Finished building: default.size.stdout
 
Finished building: 002SampleApp.list
 

17:46:38 Build Finished. 0 errors, 0 warnings. (took 635ms)

