../drivers/Src/stm32407xx_spi_driver.c:29:6:SPI_PeriClockControl	16	static
../drivers/Src/stm32407xx_spi_driver.c:58:6:SPI_Init	24	static
../drivers/Src/stm32407xx_spi_driver.c:115:6:SPI_DeInit	16	static
../drivers/Src/stm32407xx_spi_driver.c:138:6:SPI_PeripheralControl	16	static
../drivers/Src/stm32407xx_spi_driver.c:157:6:SPI_SSIControl	16	static
../drivers/Src/stm32407xx_spi_driver.c:176:6:SPI_SSOEControl	16	static
../drivers/Src/stm32407xx_spi_driver.c:197:9:SPI_GetFlagStatus	16	static
../drivers/Src/stm32407xx_spi_driver.c:217:6:SPI_SendData	24	static
../drivers/Src/stm32407xx_spi_driver.c:251:6:SPI_ReceiveData	24	static
../drivers/Src/stm32407xx_spi_driver.c:284:9:SPI_SendDataIT	32	static
../drivers/Src/stm32407xx_spi_driver.c:318:9:SPI_ReceiveDataIT	32	static
../drivers/Src/stm32407xx_spi_driver.c:354:6:SPI_IRQInterruptConfig	16	static
../drivers/Src/stm32407xx_spi_driver.c:378:6:SPI_IRQPriorityConfig	24	static
../drivers/Src/stm32407xx_spi_driver.c:401:6:SPI_IRQHandling	24	static
../drivers/Src/stm32407xx_spi_driver.c:443:6:SPI_ClearOVRFlag	24	static
../drivers/Src/stm32407xx_spi_driver.c:461:6:SPI_CloseTransmission	16	static
../drivers/Src/stm32407xx_spi_driver.c:479:6:SPI_CloseReception	16	static
../drivers/Src/stm32407xx_spi_driver.c:497:13:SPI_ApplicationEventCallback	16	static
../drivers/Src/stm32407xx_spi_driver.c:502:13:spi_txe_interrupt_handle	16	static
../drivers/Src/stm32407xx_spi_driver.c:519:13:spi_rxne_interrupt_handle	16	static
../drivers/Src/stm32407xx_spi_driver.c:536:13:spi_ovr_err_interrupt_handle	16	static
