../bsp/Src/ds1307.c:27:9:ds1307_init	16	static
../bsp/Src/ds1307.c:57:6:ds1307_set_current_time	24	static
../bsp/Src/ds1307.c:110:6:ds1307_get_current_time	24	static
../bsp/Src/ds1307.c:159:6:ds1307_set_current_date	24	static
../bsp/Src/ds1307.c:190:6:ds1307_get_current_date	24	static
../bsp/Src/ds1307.c:221:13:ds1307_i2c_pin_config	32	static
../bsp/Src/ds1307.c:250:13:ds1307_i2c_config	8	static
../bsp/Src/ds1307.c:269:13:ds1307_write	32	static
../bsp/Src/ds1307.c:288:16:ds1307_read	32	static
../bsp/Src/ds1307.c:310:16:binaryToBCD	24	static
../bsp/Src/ds1307.c:333:16:BCDToBinary	24	static
